Component: ARM Compiler 5.06 update 4 (build 422) Tool: armlink [4d35d2]

==============================================================================

Section Cross References

    main.o(i.assert_nrf_callback) refers to app_error.o(i.app_error_handler) for app_error_handler
    main.o(i.ble_evt_dispatch) refers to device_manager_peripheral.o(i.dm_ble_evt_handler) for dm_ble_evt_handler
    main.o(i.ble_evt_dispatch) refers to ble_conn_params.o(i.ble_conn_params_on_ble_evt) for ble_conn_params_on_ble_evt
    main.o(i.ble_evt_dispatch) refers to bsp_btn_ble.o(i.bsp_btn_ble_on_ble_evt) for bsp_btn_ble_on_ble_evt
    main.o(i.ble_evt_dispatch) refers to bsp.o(i.bsp_indication_set) for bsp_indication_set
    main.o(i.ble_evt_dispatch) refers to app_error.o(i.app_error_handler) for app_error_handler
    main.o(i.ble_evt_dispatch) refers to ble_advertising.o(i.ble_advertising_on_ble_evt) for ble_advertising_on_ble_evt
    main.o(i.ble_evt_dispatch) refers to main.o(.data) for .data
    main.o(i.ble_stack_init) refers to softdevice_handler.o(i.softdevice_handler_init) for softdevice_handler_init
    main.o(i.ble_stack_init) refers to app_error.o(i.app_error_handler) for app_error_handler
    main.o(i.ble_stack_init) refers to softdevice_handler.o(i.softdevice_ble_evt_handler_set) for softdevice_ble_evt_handler_set
    main.o(i.ble_stack_init) refers to softdevice_handler.o(i.softdevice_sys_evt_handler_set) for softdevice_sys_evt_handler_set
    main.o(i.ble_stack_init) refers to main.o(.bss) for .bss
    main.o(i.ble_stack_init) refers to main.o(i.ble_evt_dispatch) for ble_evt_dispatch
    main.o(i.ble_stack_init) refers to main.o(i.sys_evt_dispatch) for sys_evt_dispatch
    main.o(i.bsp_event_handler) refers to main.o(i.sleep_mode_enter) for sleep_mode_enter
    main.o(i.bsp_event_handler) refers to app_error.o(i.app_error_handler) for app_error_handler
    main.o(i.bsp_event_handler) refers to ble_advertising.o(i.ble_advertising_restart_without_whitelist) for ble_advertising_restart_without_whitelist
    main.o(i.bsp_event_handler) refers to main.o(.data) for .data
    main.o(i.conn_params_error_handler) refers to app_error.o(i.app_error_handler) for app_error_handler
    main.o(i.device_manager_evt_handler) refers to app_error.o(i.app_error_handler) for app_error_handler
    main.o(i.device_manager_init) refers to pstorage.o(i.pstorage_init) for pstorage_init
    main.o(i.device_manager_init) refers to app_error.o(i.app_error_handler) for app_error_handler
    main.o(i.device_manager_init) refers to device_manager_peripheral.o(i.dm_init) for dm_init
    main.o(i.device_manager_init) refers to memseta.o(.text) for __aeabi_memclr
    main.o(i.device_manager_init) refers to device_manager_peripheral.o(i.dm_register) for dm_register
    main.o(i.device_manager_init) refers to main.o(i.device_manager_evt_handler) for device_manager_evt_handler
    main.o(i.device_manager_init) refers to main.o(.data) for .data
    main.o(i.main) refers to app_timer.o(i.app_timer_init) for app_timer_init
    main.o(i.main) refers to app_error.o(i.app_error_handler) for app_error_handler
    main.o(i.main) refers to bsp.o(i.bsp_init) for bsp_init
    main.o(i.main) refers to bsp_btn_ble.o(i.bsp_btn_ble_init) for bsp_btn_ble_init
    main.o(i.main) refers to main.o(i.ble_stack_init) for ble_stack_init
    main.o(i.main) refers to main.o(i.device_manager_init) for device_manager_init
    main.o(i.main) refers to memseta.o(.text) for __aeabi_memclr4
    main.o(i.main) refers to ble_advertising.o(i.ble_advertising_init) for ble_advertising_init
    main.o(i.main) refers to ble_conn_params.o(i.ble_conn_params_init) for ble_conn_params_init
    main.o(i.main) refers to ble_advertising.o(i.ble_advertising_start) for ble_advertising_start
    main.o(i.main) refers to main.o(.bss) for .bss
    main.o(i.main) refers to main.o(i.bsp_event_handler) for bsp_event_handler
    main.o(i.main) refers to main.o(.data) for .data
    main.o(i.main) refers to main.o(i.on_adv_evt) for on_adv_evt
    main.o(i.main) refers to main.o(i.on_conn_params_evt) for on_conn_params_evt
    main.o(i.main) refers to main.o(i.conn_params_error_handler) for conn_params_error_handler
    main.o(i.on_adv_evt) refers to bsp.o(i.bsp_indication_set) for bsp_indication_set
    main.o(i.on_adv_evt) refers to app_error.o(i.app_error_handler) for app_error_handler
    main.o(i.on_adv_evt) refers to main.o(i.sleep_mode_enter) for sleep_mode_enter
    main.o(i.on_conn_params_evt) refers to app_error.o(i.app_error_handler) for app_error_handler
    main.o(i.on_conn_params_evt) refers to main.o(.data) for .data
    main.o(i.sleep_mode_enter) refers to bsp.o(i.bsp_indication_set) for bsp_indication_set
    main.o(i.sleep_mode_enter) refers to app_error.o(i.app_error_handler) for app_error_handler
    main.o(i.sleep_mode_enter) refers to bsp_btn_ble.o(i.bsp_btn_ble_sleep_mode_prepare) for bsp_btn_ble_sleep_mode_prepare
[...]
    .text                                    0x000181a4   Section        0  memseta.o(.text)
    .text                                    0x000181c8   Section        0  memcmp.o(.text)
    .text                                    0x000181e4   Section       36  init.o(.text)
    i.GPIOTE_IRQHandler                      0x00018208   Section        0  nrf_drv_gpiote.o(i.GPIOTE_IRQHandler)
    i.NVIC_SetPriority                       0x00018310   Section        0  app_timer.o(i.NVIC_SetPriority)
    NVIC_SetPriority                         0x00018311   Thumb Code    60  app_timer.o(i.NVIC_SetPriority)
    i.RTC1_IRQHandler                        0x00018354   Section        0  app_timer.o(i.RTC1_IRQHandler)
    i.SPI0_TWI0_IRQHandler                   0x00018374   Section        0  nrf_drv_twi.o(i.SPI0_TWI0_IRQHandler)
    i.SWI0_IRQHandler                        0x00018384   Section        0  app_timer.o(i.SWI0_IRQHandler)
    i.SWI2_IRQHandler                        0x0001838c   Section        0  softdevice_handler.o(i.SWI2_IRQHandler)
    i.SystemInit                             0x000183b0   Section        0  system_nrf51.o(i.SystemInit)
    i.UART0_IRQHandler                       0x00018404   Section        0  nrf_drv_uart.o(i.UART0_IRQHandler)
    i.__ARM_common_switch8                   0x00018508   Section        0  bsp.o(i.__ARM_common_switch8)
    i.__scatterload_copy                     0x00018522   Section       14  handlers.o(i.__scatterload_copy)
    i.__scatterload_null                     0x00018530   Section        2  handlers.o(i.__scatterload_null)
    i.__scatterload_zeroinit                 0x00018532   Section       14  handlers.o(i.__scatterload_zeroinit)
    i.ack_error                              0x00018540   Section        0  nrf_drv_twi.o(i.ack_error)
    ack_error                                0x00018541   Thumb Code    16  nrf_drv_twi.o(i.ack_error)
    i.address_req                            0x00018554   Section        0  nrf_drv_twi.o(i.address_req)
    address_req                              0x00018555   Thumb Code    88  nrf_drv_twi.o(i.address_req)
    i.adv_data_encode                        0x000185b4   Section        0  ble_advdata.o(i.adv_data_encode)
    i.advertising_buttons_configure          0x000187ca   Section        0  bsp_btn_ble.o(i.advertising_buttons_configure)
    advertising_buttons_configure            0x000187cb   Thumb Code    60  bsp_btn_ble.o(i.advertising_buttons_configure)
    i.alert_timer_handler                    0x00018808   Section        0  bsp.o(i.alert_timer_handler)
    alert_timer_handler                      0x00018809   Thumb Code    20  bsp.o(i.alert_timer_handler)
    i.app_button_enable                      0x00018820   Section        0  app_button.o(i.app_button_enable)
    i.app_button_init                        0x00018844   Section        0  app_button.o(i.app_button_init)
    i.app_error_handler                      0x000188b8   Section        0  app_error.o(i.app_error_handler)
    i.app_evt_notify                         0x000188d4   Section        0  device_manager_peripheral.o(i.app_evt_notify)
    app_evt_notify                           0x000188d5   Thumb Code     6  device_manager_peripheral.o(i.app_evt_notify)
    i.app_notify                             0x000188e0   Section        0  pstorage.o(i.app_notify)
    app_notify                               0x000188e1   Thumb Code    34  pstorage.o(i.app_notify)
    i.app_notify_error_state_transit         0x0001890c   Section        0  pstorage.o(i.app_notify_error_state_transit)
    app_notify_error_state_transit           0x0001890d   Thumb Code    26  pstorage.o(i.app_notify_error_state_transit)
    i.app_timer_create                       0x0001892c   Section        0  app_timer.o(i.app_timer_create)
    i.app_timer_init                         0x00018958   Section        0  app_timer.o(i.app_timer_init)
    i.app_timer_start                        0x000189e8   Section        0  app_timer.o(i.app_timer_start)
    i.app_timer_stop                         0x00018a64   Section        0  app_timer.o(i.app_timer_stop)
    i.ble_advdata_set                        0x00018ab8   Section        0  ble_advdata.o(i.ble_advdata_set)
    i.ble_advertising_init                   0x00018b20   Section        0  ble_advertising.o(i.ble_advertising_init)
    i.ble_advertising_on_ble_evt             0x00018c44   Section        0  ble_advertising.o(i.ble_advertising_on_ble_evt)
    i.ble_advertising_on_sys_evt             0x00018cb8   Section        0  ble_advertising.o(i.ble_advertising_on_sys_evt)
    i.ble_advertising_peer_address_clear     0x00018ce8   Section        0  ble_advertising.o(i.ble_advertising_peer_address_clear)
    ble_advertising_peer_address_clear       0x00018ce9   Thumb Code    12  ble_advertising.o(i.ble_advertising_peer_address_clear)
    i.ble_advertising_restart_without_whitelist 0x00018cf8   Section        0  ble_advertising.o(i.ble_advertising_restart_without_whitelist)
    i.ble_advertising_start                  0x00018d38   Section        0  ble_advertising.o(i.ble_advertising_start)
    i.ble_conn_params_init                   0x00018f18   Section        0  ble_conn_params.o(i.ble_conn_params_init)
    i.ble_conn_params_on_ble_evt             0x00018f6c   Section        0  ble_conn_params.o(i.ble_conn_params_on_ble_evt)
    i.ble_device_addr_encode                 0x00018ffc   Section        0  ble_advdata.o(i.ble_device_addr_encode)
    ble_device_addr_encode                   0x00018ffd   Thumb Code    94  ble_advdata.o(i.ble_device_addr_encode)
    i.ble_evt_dispatch                       0x0001905c   Section        0  main.o(i.ble_evt_dispatch)
    ble_evt_dispatch                         0x0001905d   Thumb Code    70  main.o(i.ble_evt_dispatch)
    i.ble_stack_init                         0x000190a8   Section        0  main.o(i.ble_stack_init)
    ble_stack_init                           0x000190a9   Thumb Code    92  main.o(i.ble_stack_init)
    i.bond_data_load                         0x00019110   Section        0  device_manager_peripheral.o(i.bond_data_load)
    i.bsp_btn_ble_init                       0x00019158   Section        0  bsp_btn_ble.o(i.bsp_btn_ble_init)
    i.bsp_btn_ble_on_ble_evt                 0x000191ac   Section        0  bsp_btn_ble.o(i.bsp_btn_ble_on_ble_evt)
    i.bsp_btn_ble_sleep_mode_prepare         0x00019224   Section        0  bsp_btn_ble.o(i.bsp_btn_ble_sleep_mode_prepare)
    i.bsp_button_event_handler               0x00019238   Section        0  bsp.o(i.bsp_button_event_handler)
    bsp_button_event_handler                 0x00019239   Thumb Code   148  bsp.o(i.bsp_button_event_handler)
    i.bsp_button_is_pressed                  0x000192d8   Section        0  bsp.o(i.bsp_button_is_pressed)
    i.bsp_event_handler                      0x00019304   Section        0  main.o(i.bsp_event_handler)
    i.bsp_event_to_button_action_assign      0x00019340   Section        0  bsp.o(i.bsp_event_to_button_action_assign)
    i.bsp_indication_set                     0x00019388   Section        0  bsp.o(i.bsp_indication_set)
    i.bsp_init                               0x000193a4   Section        0  bsp.o(i.bsp_init)
    i.bsp_led_indication                     0x00019444   Section        0  bsp.o(i.bsp_led_indication)
    bsp_led_indication                       0x00019445   Thumb Code   492  bsp.o(i.bsp_led_indication)
    i.bsp_wakeup_buttons_set                 0x0001963c   Section        0  bsp.o(i.bsp_wakeup_buttons_set)
    i.button_timer_handler                   0x00019678   Section        0  bsp.o(i.button_timer_handler)
    button_timer_handler                     0x00019679   Thumb Code    12  bsp.o(i.button_timer_handler)
    i.channel_free                           0x00019684   Section        0  nrf_drv_gpiote.o(i.channel_free)
    channel_free                             0x00019685   Thumb Code    22  nrf_drv_gpiote.o(i.channel_free)
    i.channel_port_alloc                     0x000196a0   Section        0  nrf_drv_gpiote.o(i.channel_port_alloc)
    channel_port_alloc                       0x000196a1   Thumb Code    66  nrf_drv_gpiote.o(i.channel_port_alloc)
    i.channel_port_get                       0x000196e8   Section        0  nrf_drv_gpiote.o(i.channel_port_get)
    channel_port_get                         0x000196e9   Thumb Code    10  nrf_drv_gpiote.o(i.channel_port_get)
    i.clear_operation_execute                0x000196f8   Section        0  pstorage.o(i.clear_operation_execute)
    clear_operation_execute                  0x000196f9   Thumb Code   252  pstorage.o(i.clear_operation_execute)
    i.clear_post_processing_run              0x000197fc   Section        0  pstorage.o(i.clear_post_processing_run)
    clear_post_processing_run                0x000197fd   Thumb Code    32  pstorage.o(i.clear_post_processing_run)
    i.cmd_process                            0x00019820   Section        0  pstorage.o(i.cmd_process)
    cmd_process                              0x00019821   Thumb Code    46  pstorage.o(i.cmd_process)
    i.cmd_queue_element_init                 0x00019858   Section        0  pstorage.o(i.cmd_queue_element_init)
    cmd_queue_element_init                   0x00019859   Thumb Code    26  pstorage.o(i.cmd_queue_element_init)
    i.cmd_queue_enqueue                      0x00019878   Section        0  pstorage.o(i.cmd_queue_enqueue)
    cmd_queue_enqueue                        0x00019879   Thumb Code    68  pstorage.o(i.cmd_queue_enqueue)
    i.command_end_procedure_run              0x000198c4   Section        0  pstorage.o(i.command_end_procedure_run)
    command_end_procedure_run                0x000198c5   Thumb Code    56  pstorage.o(i.command_end_procedure_run)
    i.compare_reg_update                     0x00019900   Section        0  app_timer.o(i.compare_reg_update)
    compare_reg_update                       0x00019901   Thumb Code   142  app_timer.o(i.compare_reg_update)
    i.conn_int_encode                        0x000199a8   Section        0  ble_advdata.o(i.conn_int_encode)
    conn_int_encode                          0x000199a9   Thumb Code   130  ble_advdata.o(i.conn_int_encode)
    i.conn_params_error_handler              0x00019a30   Section        0  main.o(i.conn_params_error_handler)
    conn_params_error_handler                0x00019a31   Thumb Code    12  main.o(i.conn_params_error_handler)
    i.conn_params_negotiation                0x00019a3c   Section        0  ble_conn_params.o(i.conn_params_negotiation)
    conn_params_negotiation                  0x00019a3d   Thumb Code    92  ble_conn_params.o(i.conn_params_negotiation)
    i.connection_instance_find               0x00019aa4   Section        0  device_manager_peripheral.o(i.connection_instance_find)
    connection_instance_find                 0x00019aa5   Thumb Code    38  device_manager_peripheral.o(i.connection_instance_find)
    i.connection_instance_init               0x00019ad4   Section        0  device_manager_peripheral.o(i.connection_instance_init)
    connection_instance_init                 0x00019ad5   Thumb Code    30  device_manager_peripheral.o(i.connection_instance_init)
    i.data_page_erase_state_run              0x00019af8   Section        0  pstorage.o(i.data_page_erase_state_run)
    data_page_erase_state_run                0x00019af9   Thumb Code    80  pstorage.o(i.data_page_erase_state_run)
    i.data_to_swap_write_state_run           0x00019b4c   Section        0  pstorage.o(i.data_to_swap_write_state_run)
    data_to_swap_write_state_run             0x00019b4d   Thumb Code    34  pstorage.o(i.data_to_swap_write_state_run)
    i.detection_delay_timeout_handler        0x00019b74   Section        0  app_button.o(i.detection_delay_timeout_handler)
    detection_delay_timeout_handler          0x00019b75   Thumb Code    90  app_button.o(i.detection_delay_timeout_handler)
    i.device_context_store                   0x00019bd4   Section        0  device_manager_peripheral.o(i.device_context_store)
    device_context_store                     0x00019bd5   Thumb Code   150  device_manager_peripheral.o(i.device_context_store)
    i.device_instance_allocate               0x00019c88   Section        0  device_manager_peripheral.o(i.device_instance_allocate)
    device_instance_allocate                 0x00019c89   Thumb Code    74  device_manager_peripheral.o(i.device_instance_allocate)
    i.device_instance_find                   0x00019cdc   Section        0  device_manager_peripheral.o(i.device_instance_find)
    device_instance_find                     0x00019cdd   Thumb Code    68  device_manager_peripheral.o(i.device_instance_find)
    i.device_instance_free                   0x00019d24   Section        0  device_manager_peripheral.o(i.device_instance_free)
    device_instance_free                     0x00019d25   Thumb Code    40  device_manager_peripheral.o(i.device_instance_free)
    i.device_manager_evt_handler             0x00019d50   Section        0  main.o(i.device_manager_evt_handler)
    device_manager_evt_handler               0x00019d51   Thumb Code    18  main.o(i.device_manager_evt_handler)
    i.device_manager_init                    0x00019d64   Section        0  main.o(i.device_manager_init)
    device_manager_init                      0x00019d65   Thumb Code   106  main.o(i.device_manager_init)
    i.dm_ble_evt_handler                     0x00019dd8   Section        0  device_manager_peripheral.o(i.dm_ble_evt_handler)
    i.dm_handle_initialize                   0x0001a1b0   Section        0  device_manager_peripheral.o(i.dm_handle_initialize)
    i.dm_init                                0x0001a1cc   Section        0  device_manager_peripheral.o(i.dm_init)
    i.dm_pstorage_cb_handler                 0x0001a290   Section        0  device_manager_peripheral.o(i.dm_pstorage_cb_handler)
    dm_pstorage_cb_handler                   0x0001a291   Thumb Code   376  device_manager_peripheral.o(i.dm_pstorage_cb_handler)
    i.dm_register                            0x0001a41c   Section        0  device_manager_peripheral.o(i.dm_register)
    i.elapsed_ticks_acquire                  0x0001a490   Section        0  app_timer.o(i.elapsed_ticks_acquire)
    elapsed_ticks_acquire                    0x0001a491   Thumb Code    58  app_timer.o(i.elapsed_ticks_acquire)
    i.flash_api_err_code_process             0x0001a4d0   Section        0  pstorage.o(i.flash_api_err_code_process)
    flash_api_err_code_process               0x0001a4d1   Thumb Code    28  pstorage.o(i.flash_api_err_code_process)
    i.flash_operation_success_run            0x0001a4f0   Section        0  pstorage.o(i.flash_operation_success_run)
    flash_operation_success_run              0x0001a4f1   Thumb Code   114  pstorage.o(i.flash_operation_success_run)
    i.flash_page_erase                       0x0001a570   Section        0  pstorage.o(i.flash_page_erase)
    flash_page_erase                         0x0001a571   Thumb Code    10  pstorage.o(i.flash_page_erase)
    i.flash_write                            0x0001a57a   Section        0  pstorage.o(i.flash_write)
    flash_write                              0x0001a57b   Thumb Code    10  pstorage.o(i.flash_write)
    i.gattc_context_apply                    0x0001a584   Section        0  device_manager_peripheral.o(i.gattc_context_apply)
    gattc_context_apply                      0x0001a585   Thumb Code     4  device_manager_peripheral.o(i.gattc_context_apply)
    i.gattc_context_load                     0x0001a588   Section        0  device_manager_peripheral.o(i.gattc_context_load)
    gattc_context_load                       0x0001a589   Thumb Code     4  device_manager_peripheral.o(i.gattc_context_load)
    i.gattc_context_store                    0x0001a58c   Section        0  device_manager_peripheral.o(i.gattc_context_store)
    gattc_context_store                      0x0001a58d   Thumb Code     4  device_manager_peripheral.o(i.gattc_context_store)
    i.gatts_context_apply                    0x0001a590   Section        0  device_manager_peripheral.o(i.gatts_context_apply)
    gatts_context_apply                      0x0001a591   Thumb Code   160  device_manager_peripheral.o(i.gatts_context_apply)
    i.gatts_context_load                     0x0001a640   Section        0  device_manager_peripheral.o(i.gatts_context_load)
    gatts_context_load                       0x0001a641   Thumb Code    44  device_manager_peripheral.o(i.gatts_context_load)
    i.gatts_context_store                    0x0001a670   Section        0  device_manager_peripheral.o(i.gatts_context_store)
    gatts_context_store                      0x0001a671   Thumb Code   158  device_manager_peripheral.o(i.gatts_context_store)
    i.gattsc_context_apply                   0x0001a71c   Section        0  device_manager_peripheral.o(i.gattsc_context_apply)
    gattsc_context_apply                     0x0001a71d   Thumb Code     8  device_manager_peripheral.o(i.gattsc_context_apply)
    i.gattsc_context_load                    0x0001a724   Section        0  device_manager_peripheral.o(i.gattsc_context_load)
    gattsc_context_load                      0x0001a725   Thumb Code     8  device_manager_peripheral.o(i.gattsc_context_load)
    i.gattsc_context_store                   0x0001a72c   Section        0  device_manager_peripheral.o(i.gattsc_context_store)
    gattsc_context_store                     0x0001a72d   Thumb Code     8  device_manager_peripheral.o(i.gattsc_context_store)
    i.gpiote_event_handler                   0x0001a734   Section        0  app_button.o(i.gpiote_event_handler)
    gpiote_event_handler                     0x0001a735   Thumb Code    72  app_button.o(i.gpiote_event_handler)
    i.head_restore_state_run                 0x0001a784   Section        0  pstorage.o(i.head_restore_state_run)
    head_restore_state_run                   0x0001a785   Thumb Code   110  pstorage.o(i.head_restore_state_run)
    i.intern_softdevice_events_execute       0x0001a7fc   Section        0  softdevice_handler.o(i.intern_softdevice_events_execute)
    i.is_conn_params_ok                      0x0001a87c   Section        0  ble_conn_params.o(i.is_conn_params_ok)
    is_conn_params_ok                        0x0001a87d   Thumb Code    24  ble_conn_params.o(i.is_conn_params_ok)
    i.is_manual_peripheral_setup_needed      0x0001a898   Section        0  system_nrf51.o(i.is_manual_peripheral_setup_needed)
    is_manual_peripheral_setup_needed        0x0001a899   Thumb Code    66  system_nrf51.o(i.is_manual_peripheral_setup_needed)
    i.is_page_erase_required                 0x0001a8e0   Section        0  pstorage.o(i.is_page_erase_required)
    is_page_erase_required                   0x0001a8e1   Thumb Code    60  pstorage.o(i.is_page_erase_required)
    i.is_word_aligned                        0x0001a924   Section        0  pstorage.o(i.is_word_aligned)
    is_word_aligned                          0x0001a925   Thumb Code    12  pstorage.o(i.is_word_aligned)
    i.le_role_encode                         0x0001a930   Section        0  ble_advdata.o(i.le_role_encode)
    le_role_encode                           0x0001a931   Thumb Code    84  ble_advdata.o(i.le_role_encode)
    i.leds_timer_handler                     0x0001a984   Section        0  bsp.o(i.leds_timer_handler)
    leds_timer_handler                       0x0001a985   Thumb Code    18  bsp.o(i.leds_timer_handler)
    i.list_deletions_handler                 0x0001a99c   Section        0  app_timer.o(i.list_deletions_handler)
    list_deletions_handler                   0x0001a99d   Thumb Code   180  app_timer.o(i.list_deletions_handler)
    i.list_insertions_handler                0x0001aa58   Section        0  app_timer.o(i.list_insertions_handler)
    list_insertions_handler                  0x0001aa59   Thumb Code   202  app_timer.o(i.list_insertions_handler)
    i.main                                   0x0001ab2c   Section        0  main.o(i.main)
    i.main_state_err_busy_process            0x0001aca0   Section        0  pstorage.o(i.main_state_err_busy_process)
    main_state_err_busy_process              0x0001aca1   Thumb Code    20  pstorage.o(i.main_state_err_busy_process)
    i.manuf_specific_data_encode             0x0001acb8   Section        0  ble_advdata.o(i.manuf_specific_data_encode)
    manuf_specific_data_encode               0x0001acb9   Thumb Code   104  ble_advdata.o(i.manuf_specific_data_encode)
    i.name_encode                            0x0001ad20   Section        0  ble_advdata.o(i.name_encode)
    name_encode                              0x0001ad21   Thumb Code   158  ble_advdata.o(i.name_encode)
    i.no_service_context_apply               0x0001adbe   Section        0  device_manager_peripheral.o(i.no_service_context_apply)
    no_service_context_apply                 0x0001adbf   Thumb Code     4  device_manager_peripheral.o(i.no_service_context_apply)
    i.no_service_context_load                0x0001adc2   Section        0  device_manager_peripheral.o(i.no_service_context_load)
    no_service_context_load                  0x0001adc3   Thumb Code     4  device_manager_peripheral.o(i.no_service_context_load)
    i.no_service_context_store               0x0001adc6   Section        0  device_manager_peripheral.o(i.no_service_context_store)
    no_service_context_store                 0x0001adc7   Thumb Code     4  device_manager_peripheral.o(i.no_service_context_store)
    i.nrf_drv_common_irq_enable              0x0001adcc   Section        0  nrf_drv_common.o(i.nrf_drv_common_irq_enable)
    i.nrf_drv_gpiote_in_event_enable         0x0001ae2c   Section        0  nrf_drv_gpiote.o(i.nrf_drv_gpiote_in_event_enable)
    i.nrf_drv_gpiote_in_init                 0x0001aecc   Section        0  nrf_drv_gpiote.o(i.nrf_drv_gpiote_in_init)
    i.nrf_drv_gpiote_in_is_set               0x0001af70   Section        0  nrf_drv_gpiote.o(i.nrf_drv_gpiote_in_is_set)
    i.nrf_drv_gpiote_init                    0x0001af84   Section        0  nrf_drv_gpiote.o(i.nrf_drv_gpiote_init)
    i.nrf_drv_gpiote_is_init                 0x0001afd8   Section        0  nrf_drv_gpiote.o(i.nrf_drv_gpiote_is_init)
    i.nrf_drv_twi_int_handler                0x0001afe8   Section        0  nrf_drv_twi.o(i.nrf_drv_twi_int_handler)
    nrf_drv_twi_int_handler                  0x0001afe9   Thumb Code   216  nrf_drv_twi.o(i.nrf_drv_twi_int_handler)
    i.nrf_gpio_cfg                           0x0001b0cc   Section        0  nrf_drv_gpiote.o(i.nrf_gpio_cfg)
    nrf_gpio_cfg                             0x0001b0cd   Thumb Code    32  nrf_drv_gpiote.o(i.nrf_gpio_cfg)
    i.nrf_gpio_cfg_sense_set                 0x0001b0f0   Section        0  nrf_drv_gpiote.o(i.nrf_gpio_cfg_sense_set)
    nrf_gpio_cfg_sense_set                   0x0001b0f1   Thumb Code    26  nrf_drv_gpiote.o(i.nrf_gpio_cfg_sense_set)
    i.nrf_gpiote_event_is_set                0x0001b110   Section        0  nrf_drv_gpiote.o(i.nrf_gpiote_event_is_set)
    nrf_gpiote_event_is_set                  0x0001b111   Thumb Code    14  nrf_drv_gpiote.o(i.nrf_gpiote_event_is_set)
    i.nrf_twi_event_check                    0x0001b124   Section        0  nrf_drv_twi.o(i.nrf_twi_event_check)
    nrf_twi_event_check                      0x0001b125   Thumb Code    10  nrf_drv_twi.o(i.nrf_twi_event_check)
    i.nrf_uart_event_check                   0x0001b12e   Section        0  nrf_drv_uart.o(i.nrf_uart_event_check)
    nrf_uart_event_check                     0x0001b12f   Thumb Code    10  nrf_drv_uart.o(i.nrf_uart_event_check)
    i.nrf_uart_int_enable_check              0x0001b138   Section        0  nrf_drv_uart.o(i.nrf_uart_int_enable_check)
    nrf_uart_int_enable_check                0x0001b139   Thumb Code    16  nrf_drv_uart.o(i.nrf_uart_int_enable_check)
    i.on_adv_evt                             0x0001b148   Section        0  main.o(i.on_adv_evt)
    on_adv_evt                               0x0001b149   Thumb Code    36  main.o(i.on_adv_evt)
    i.on_conn_params_evt                     0x0001b16c   Section        0  main.o(i.on_conn_params_evt)
    on_conn_params_evt                       0x0001b16d   Thumb Code    30  main.o(i.on_conn_params_evt)
    i.on_error                               0x0001b190   Section        0  nrf_drv_twi.o(i.on_error)
    on_error                                 0x0001b191   Thumb Code    72  nrf_drv_twi.o(i.on_error)
    i.peer_address_exists                    0x0001b1e0   Section        0  ble_advertising.o(i.peer_address_exists)
    peer_address_exists                      0x0001b1e1   Thumb Code    22  ble_advertising.o(i.peer_address_exists)
    i.peer_instance_init                     0x0001b1f8   Section        0  device_manager_peripheral.o(i.peer_instance_init)
    peer_instance_init                       0x0001b1f9   Thumb Code    60  device_manager_peripheral.o(i.peer_instance_init)
    i.pin_in_use_by_port                     0x0001b238   Section        0  nrf_drv_gpiote.o(i.pin_in_use_by_port)
    pin_in_use_by_port                       0x0001b239   Thumb Code    20  nrf_drv_gpiote.o(i.pin_in_use_by_port)
    i.pin_in_use_by_te                       0x0001b250   Section        0  nrf_drv_gpiote.o(i.pin_in_use_by_te)
    pin_in_use_by_te                         0x0001b251   Thumb Code    20  nrf_drv_gpiote.o(i.pin_in_use_by_te)
    i.pstorage_access_status_get             0x0001b268   Section        0  pstorage.o(i.pstorage_access_status_get)
    i.pstorage_block_identifier_get          0x0001b290   Section        0  pstorage.o(i.pstorage_block_identifier_get)
    i.pstorage_clear                         0x0001b2e8   Section        0  pstorage.o(i.pstorage_clear)
    i.pstorage_flash_page_end                0x0001b390   Section        0  pstorage.o(i.pstorage_flash_page_end)
    pstorage_flash_page_end                  0x0001b391   Thumb Code    32  pstorage.o(i.pstorage_flash_page_end)
    i.pstorage_flash_page_size               0x0001b3b4   Section        0  pstorage.o(i.pstorage_flash_page_size)
    pstorage_flash_page_size                 0x0001b3b5   Thumb Code    10  pstorage.o(i.pstorage_flash_page_size)
    i.pstorage_init                          0x0001b3c0   Section        0  pstorage.o(i.pstorage_init)
    i.pstorage_load                          0x0001b41c   Section        0  pstorage.o(i.pstorage_load)
    i.pstorage_register                      0x0001b4c8   Section        0  pstorage.o(i.pstorage_register)
    i.pstorage_store                         0x0001b584   Section        0  pstorage.o(i.pstorage_store)
    i.pstorage_sys_event_handler             0x0001b618   Section        0  pstorage.o(i.pstorage_sys_event_handler)
    i.pstorage_update                        0x0001b664   Section        0  pstorage.o(i.pstorage_update)
    i.rtc1_stop                              0x0001b6f8   Section        0  app_timer.o(i.rtc1_stop)
    rtc1_stop                                0x0001b6f9   Thumb Code    50  app_timer.o(i.rtc1_stop)
    i.rx_address_req                         0x0001b73c   Section        0  nrf_drv_twi.o(i.rx_address_req)
    rx_address_req                           0x0001b73d   Thumb Code    86  nrf_drv_twi.o(i.rx_address_req)
    i.rx_byte                                0x0001b79c   Section        0  nrf_drv_uart.o(i.rx_byte)
    rx_byte                                  0x0001b79d   Thumb Code    30  nrf_drv_uart.o(i.rx_byte)
    i.rx_done                                0x0001b7c8   Section        0  nrf_drv_twi.o(i.rx_done)
    rx_done                                  0x0001b7c9   Thumb Code    48  nrf_drv_twi.o(i.rx_done)
    i.rx_done_event                          0x0001b7fc   Section        0  nrf_drv_uart.o(i.rx_done_event)
    rx_done_event                            0x0001b7fd   Thumb Code    28  nrf_drv_uart.o(i.rx_done_event)
    i.rx_prepare                             0x0001b81c   Section        0  nrf_drv_twi.o(i.rx_prepare)
    rx_prepare                               0x0001b81d   Thumb Code     8  nrf_drv_twi.o(i.rx_prepare)
    i.service_data_encode                    0x0001b824   Section        0  ble_advdata.o(i.service_data_encode)
    service_data_encode                      0x0001b825   Thumb Code   142  ble_advdata.o(i.service_data_encode)
    i.sleep_mode_enter                       0x0001b8b2   Section        0  main.o(i.sleep_mode_enter)
    sleep_mode_enter                         0x0001b8b3   Thumb Code    52  main.o(i.sleep_mode_enter)
    i.sm_state_change                        0x0001b8e8   Section        0  pstorage.o(i.sm_state_change)
    sm_state_change                          0x0001b8e9   Thumb Code    62  pstorage.o(i.sm_state_change)
    i.softdevice_assertion_handler           0x0001b930   Section        0  softdevice_handler.o(i.softdevice_assertion_handler)
    i.softdevice_ble_evt_handler_set         0x0001b93c   Section        0  softdevice_handler.o(i.softdevice_ble_evt_handler_set)
    i.softdevice_handler_init                0x0001b950   Section        0  softdevice_handler.o(i.softdevice_handler_init)
    i.softdevice_sys_evt_handler_set         0x0001b980   Section        0  softdevice_handler.o(i.softdevice_sys_evt_handler_set)
    i.state_data_erase_swap_entry_run        0x0001b994   Section        0  pstorage.o(i.state_data_erase_swap_entry_run)
    state_data_erase_swap_entry_run          0x0001b995   Thumb Code    92  pstorage.o(i.state_data_erase_swap_entry_run)
    i.state_erase_data_page_entry_run        0x0001b9f8   Section        0  pstorage.o(i.state_erase_data_page_entry_run)
    state_erase_data_page_entry_run          0x0001b9f9   Thumb Code    12  pstorage.o(i.state_erase_data_page_entry_run)
    i.state_machine                          0x0001ba08   Section        0  nrf_drv_twi.o(i.state_machine)
    state_machine                            0x0001ba09   Thumb Code    64  nrf_drv_twi.o(i.state_machine)
    i.state_restore_head_entry_run           0x0001ba54   Section        0  pstorage.o(i.state_restore_head_entry_run)
    state_restore_head_entry_run             0x0001ba55   Thumb Code    36  pstorage.o(i.state_restore_head_entry_run)
    i.state_restore_tail_entry_run           0x0001ba7c   Section        0  pstorage.o(i.state_restore_tail_entry_run)
    state_restore_tail_entry_run             0x0001ba7d   Thumb Code    66  pstorage.o(i.state_restore_tail_entry_run)
    i.state_swap_erase_entry_run             0x0001bac8   Section        0  pstorage.o(i.state_swap_erase_entry_run)
    state_swap_erase_entry_run               0x0001bac9   Thumb Code    32  pstorage.o(i.state_swap_erase_entry_run)
    i.state_write_data_swap_entry_run        0x0001bae8   Section        0  pstorage.o(i.state_write_data_swap_entry_run)
    state_write_data_swap_entry_run          0x0001bae9   Thumb Code    42  pstorage.o(i.state_write_data_swap_entry_run)
    i.storage_operation_dummy_handler        0x0001bb18   Section        0  device_manager_peripheral.o(i.storage_operation_dummy_handler)
    storage_operation_dummy_handler          0x0001bb19   Thumb Code     4  device_manager_peripheral.o(i.storage_operation_dummy_handler)
    i.store_cmd_flash_write_execute          0x0001bb1c   Section        0  pstorage.o(i.store_cmd_flash_write_execute)
    store_cmd_flash_write_execute            0x0001bb1d   Thumb Code    82  pstorage.o(i.store_cmd_flash_write_execute)
    i.swap_erase_state_run                   0x0001bb78   Section        0  pstorage.o(i.swap_erase_state_run)
    swap_erase_state_run                     0x0001bb79   Thumb Code    24  pstorage.o(i.swap_erase_state_run)
    i.swap_sub_state_err_busy_process        0x0001bb94   Section        0  pstorage.o(i.swap_sub_state_err_busy_process)
    swap_sub_state_err_busy_process          0x0001bb95   Thumb Code    20  pstorage.o(i.swap_sub_state_err_busy_process)
    i.swap_sub_state_state_change            0x0001bbac   Section        0  pstorage.o(i.swap_sub_state_state_change)
    swap_sub_state_state_change              0x0001bbad   Thumb Code    12  pstorage.o(i.swap_sub_state_state_change)
    i.sys_evt_dispatch                       0x0001bbc0   Section        0  main.o(i.sys_evt_dispatch)
    sys_evt_dispatch                         0x0001bbc1   Thumb Code    16  main.o(i.sys_evt_dispatch)
    i.tail_restore_state_run                 0x0001bbd0   Section        0  pstorage.o(i.tail_restore_state_run)
    tail_restore_state_run                   0x0001bbd1   Thumb Code    22  pstorage.o(i.tail_restore_state_run)
    i.timer_list_handler                     0x0001bbec   Section        0  app_timer.o(i.timer_list_handler)
    timer_list_handler                       0x0001bbed   Thumb Code   128  app_timer.o(i.timer_list_handler)
    i.timer_list_handler_sched               0x0001bc70   Section        0  app_timer.o(i.timer_list_handler_sched)
    timer_list_handler_sched                 0x0001bc71   Thumb Code    10  app_timer.o(i.timer_list_handler_sched)
    i.timer_list_insert                      0x0001bc80   Section        0  app_timer.o(i.timer_list_insert)
    timer_list_insert                        0x0001bc81   Thumb Code    60  app_timer.o(i.timer_list_insert)
    i.timer_timeouts_check                   0x0001bcc0   Section        0  app_timer.o(i.timer_timeouts_check)
    timer_timeouts_check                     0x0001bcc1   Thumb Code   122  app_timer.o(i.timer_timeouts_check)
    i.tx_byte                                0x0001bd44   Section        0  nrf_drv_uart.o(i.tx_byte)
    tx_byte                                  0x0001bd45   Thumb Code    30  nrf_drv_uart.o(i.tx_byte)
    i.tx_done                                0x0001bd70   Section        0  nrf_drv_twi.o(i.tx_done)
    tx_done                                  0x0001bd71   Thumb Code    32  nrf_drv_twi.o(i.tx_done)
    i.tx_done_event                          0x0001bd94   Section        0  nrf_drv_uart.o(i.tx_done_event)
    tx_done_event                            0x0001bd95   Thumb Code    26  nrf_drv_uart.o(i.tx_done_event)
    i.tx_prepare                             0x0001bdb4   Section        0  nrf_drv_twi.o(i.tx_prepare)
    tx_prepare                               0x0001bdb5   Thumb Code    34  nrf_drv_twi.o(i.tx_prepare)
    i.txrx_shorts_set_task_start             0x0001bddc   Section        0  nrf_drv_twi.o(i.txrx_shorts_set_task_start)
    txrx_shorts_set_task_start               0x0001bddd   Thumb Code   136  nrf_drv_twi.o(i.txrx_shorts_set_task_start)
    i.uint16_encode                          0x0001be6c   Section        0  ble_advdata.o(i.uint16_encode)
    uint16_encode                            0x0001be6d   Thumb Code    10  ble_advdata.o(i.uint16_encode)
    i.update_status_bit_reset                0x0001be78   Section        0  device_manager_peripheral.o(i.update_status_bit_reset)
    update_status_bit_reset                  0x0001be79   Thumb Code    14  device_manager_peripheral.o(i.update_status_bit_reset)
    i.update_timeout_handler                 0x0001be8c   Section        0  ble_conn_params.o(i.update_timeout_handler)
    update_timeout_handler                   0x0001be8d   Thumb Code    86  ble_conn_params.o(i.update_timeout_handler)
    i.user_id_get                            0x0001bef0   Section        0  app_timer.o(i.user_id_get)
    user_id_get                              0x0001bef1   Thumb Code    74  app_timer.o(i.user_id_get)
    i.user_op_alloc                          0x0001bf44   Section        0  app_timer.o(i.user_op_alloc)
    user_op_alloc                            0x0001bf45   Thumb Code    38  app_timer.o(i.user_op_alloc)
    i.uuid_list_encode                       0x0001bf6a   Section        0  ble_advdata.o(i.uuid_list_encode)
    uuid_list_encode                         0x0001bf6b   Thumb Code    48  ble_advdata.o(i.uuid_list_encode)
    i.uuid_list_sized_encode                 0x0001bf9a   Section        0  ble_advdata.o(i.uuid_list_sized_encode)
    uuid_list_sized_encode                   0x0001bf9b   Thumb Code   174  ble_advdata.o(i.uuid_list_sized_encode)
    i.whitelist_has_entries                  0x0001c048   Section        0  ble_advertising.o(i.whitelist_has_entries)
    whitelist_has_entries                    0x0001c049   Thumb Code    16  ble_advertising.o(i.whitelist_has_entries)
    .constdata                               0x0001c058   Section       60  bsp.o(.constdata)
    m_leds_timer_id                          0x0001c058   Data           4  bsp.o(.constdata)
    m_alert_timer_id                         0x0001c05c   Data           4  bsp.o(.constdata)
    m_button_timer_id                        0x0001c060   Data           4  bsp.o(.constdata)
    m_buttons_list                           0x0001c064   Data          16  bsp.o(.constdata)
    app_buttons                              0x0001c074   Data          32  bsp.o(.constdata)
    .constdata                               0x0001c094   Section        4  ble_conn_params.o(.constdata)
    m_conn_params_timer_id                   0x0001c094   Data           4  ble_conn_params.o(.constdata)
    .constdata                               0x0001c098   Section       52  device_manager_peripheral.o(.constdata)
    .constdata                               0x0001c0cc   Section       40  pstorage.o(.constdata)
    swap_sub_state_sm_lut                    0x0001c0cc   Data          20  pstorage.o(.constdata)
    swap_sub_state_sm_lut                    0x0001c0e0   Data          20  pstorage.o(.constdata)
    .constdata                               0x0001c0f4   Section       52  nrf_drv_twi.o(.constdata)
    m_default_config                         0x0001c0f4   Data          16  nrf_drv_twi.o(.constdata)
    m_states_len                             0x0001c104   Data          20  nrf_drv_twi.o(.constdata)
    .constdata                               0x0001c128   Section       16  nrf_drv_twi.o(.constdata)
    m_idle                                   0x0001c128   Data          16  nrf_drv_twi.o(.constdata)
    .constdata                               0x0001c138   Section       40  nrf_drv_twi.o(.constdata)
    m_tx_suspended                           0x0001c138   Data          40  nrf_drv_twi.o(.constdata)
    .constdata                               0x0001c160   Section       32  nrf_drv_twi.o(.constdata)
    m_rx_suspended                           0x0001c160   Data          32  nrf_drv_twi.o(.constdata)
    .constdata                               0x0001c180   Section       24  nrf_drv_twi.o(.constdata)
    m_stopped                                0x0001c180   Data          24  nrf_drv_twi.o(.constdata)
    .constdata                               0x0001c198   Section       24  nrf_drv_twi.o(.constdata)
    m_error                                  0x0001c198   Data          24  nrf_drv_twi.o(.constdata)
    .constdata                               0x0001c1b0   Section        8  app_button.o(.constdata)
    m_detection_delay_timer_id               0x0001c1b0   Data           4  app_button.o(.constdata)
    .data                                    0x20002000   Section        8  main.o(.data)
    m_app_handle                             0x20002000   Data           1  main.o(.data)
    m_conn_handle                            0x20002002   Data           2  main.o(.data)
    m_adv_uuids                              0x20002004   Data           4  main.o(.data)
    .data                                    0x20002008   Section       24  bsp.o(.data)
    m_stable_state                           0x20002008   Data           1  bsp.o(.data)
    current_long_push_pin_no                 0x20002009   Data           1  bsp.o(.data)
    m_app_ticks_per_100ms                    0x2000200c   Data           4  bsp.o(.data)
    m_indication_type                        0x20002010   Data           4  bsp.o(.data)
    m_alert_mask                             0x20002014   Data           4  bsp.o(.data)
    m_registered_callback                    0x20002018   Data           4  bsp.o(.data)
    release_event_at_push                    0x2000201c   Data           4  bsp.o(.data)
    .data                                    0x20002020   Section        8  bsp_btn_ble.o(.data)
    m_error_handler                          0x20002020   Data           4  bsp_btn_ble.o(.data)
    m_num_connections                        0x20002024   Data           4  bsp_btn_ble.o(.data)
    .data                                    0x20002028   Section       31  ble_advertising.o(.data)
    m_advertising_start_pending              0x20002028   Data           1  ble_advertising.o(.data)
    m_whitelist_temporarily_disabled         0x20002029   Data           1  ble_advertising.o(.data)
    m_whitelist_reply_expected               0x2000202a   Data           1  ble_advertising.o(.data)
    m_peer_addr_reply_expected               0x2000202b   Data           1  ble_advertising.o(.data)
    m_adv_evt                                0x2000202c   Data           1  ble_advertising.o(.data)
    m_adv_mode_current                       0x2000202d   Data           1  ble_advertising.o(.data)
    m_tx_power_level                         0x2000202e   Data           1  ble_advertising.o(.data)
    current_slave_link_conn_handle           0x20002030   Data           2  ble_advertising.o(.data)
    m_evt_handler                            0x20002034   Data           4  ble_advertising.o(.data)
    m_error_handler                          0x20002038   Data           4  ble_advertising.o(.data)
    m_slave_conn_int                         0x2000203c   Data           4  ble_advertising.o(.data)
    m_peer_address                           0x20002040   Data           7  ble_advertising.o(.data)
    .data                                    0x20002048   Section       20  ble_conn_params.o(.data)
    m_change_param                           0x20002048   Data           1  ble_conn_params.o(.data)
    m_update_count                           0x20002049   Data           1  ble_conn_params.o(.data)
    m_conn_handle                            0x2000204a   Data           2  ble_conn_params.o(.data)
    m_preferred_conn_params                  0x2000204c   Data           8  ble_conn_params.o(.data)
    m_current_conn_params                    0x20002054   Data           8  ble_conn_params.o(.data)
    .data                                    0x2000205c   Section       24  device_manager_peripheral.o(.data)
    m_module_initialized                     0x2000205c   Data           1  device_manager_peripheral.o(.data)
    m_peer_addr_update                       0x20002060   Data           4  device_manager_peripheral.o(.data)
    m_irk_index_table                        0x20002064   Data           7  device_manager_peripheral.o(.data)
    m_storage_handle                         0x2000206c   Data           8  device_manager_peripheral.o(.data)
    .data                                    0x20002074   Section       36  pstorage.o(.data)
    m_state                                  0x20002074   Data           1  pstorage.o(.data)
    m_swap_sub_state                         0x20002075   Data           1  pstorage.o(.data)
    m_next_app_instance                      0x20002076   Data           2  pstorage.o(.data)
    m_flags                                  0x20002078   Data           4  pstorage.o(.data)
    m_next_page_addr                         0x2000207c   Data           4  pstorage.o(.data)
    m_head_word_size                         0x20002080   Data           4  pstorage.o(.data)
    m_tail_word_size                         0x20002084   Data           4  pstorage.o(.data)
    m_current_page_id                        0x20002088   Data           4  pstorage.o(.data)
    m_num_of_command_retries                 0x2000208c   Data           4  pstorage.o(.data)
    m_num_of_bytes_written                   0x20002090   Data           4  pstorage.o(.data)
    m_app_data_size                          0x20002094   Data           4  pstorage.o(.data)
    .data                                    0x20002098   Section       32  nrf_drv_twi.o(.data)
    m_handlers                               0x20002098   Data           4  nrf_drv_twi.o(.data)
    mp_contexts                              0x2000209c   Data           4  nrf_drv_twi.o(.data)
    m_instances                              0x200020a0   Data           4  nrf_drv_twi.o(.data)
    mp_states                                0x200020a4   Data          20  nrf_drv_twi.o(.data)
    .data                                    0x200020b8   Section       20  app_button.o(.data)
    m_button_count                           0x200020b8   Data           1  app_button.o(.data)
    mp_buttons                               0x200020bc   Data           4  app_button.o(.data)
    m_detection_delay                        0x200020c0   Data           4  app_button.o(.data)
    m_pin_state                              0x200020c4   Data           4  app_button.o(.data)
    m_pin_transition                         0x200020c8   Data           4  app_button.o(.data)
    .data                                    0x200020cc   Section       32  app_timer.o(.data)
    m_user_array_size                        0x200020cc   Data           1  app_timer.o(.data)
    m_ticks_elapsed_q_read_ind               0x200020cd   Data           1  app_timer.o(.data)
    m_ticks_elapsed_q_write_ind              0x200020ce   Data           1  app_timer.o(.data)
    m_rtc1_running                           0x200020cf   Data           1  app_timer.o(.data)
    m_rtc1_reset                             0x200020d0   Data           1  app_timer.o(.data)
    mp_users                                 0x200020d4   Data           4  app_timer.o(.data)
    mp_timer_id_head                         0x200020d8   Data           4  app_timer.o(.data)
    m_ticks_latest                           0x200020dc   Data           4  app_timer.o(.data)
    m_evt_schedule_func                      0x200020e0   Data           4  app_timer.o(.data)
    m_ticks_elapsed                          0x200020e4   Data           8  app_timer.o(.data)
    .data                                    0x200020ec   Section       20  softdevice_handler.o(.data)
    m_softdevice_enabled                     0x200020ec   Data           1  softdevice_handler.o(.data)
    m_ble_evt_buffer_size                    0x200020ee   Data           2  softdevice_handler.o(.data)
    m_evt_schedule_func                      0x200020f0   Data           4  softdevice_handler.o(.data)
    mp_ble_evt_buffer                        0x200020f4   Data           4  softdevice_handler.o(.data)
    m_ble_evt_handler                        0x200020f8   Data           4  softdevice_handler.o(.data)
    m_sys_evt_handler                        0x200020fc   Data           4  softdevice_handler.o(.data)
    .data                                    0x20002100   Section        4  system_nrf51.o(.data)
    __tagsym$$used                           0x20002100   Number         0  system_nrf51.o(.data)
    .bss                                     0x20002104   Section      528  main.o(.bss)
    APP_TIMER_BUF                            0x20002104   Data         456  main.o(.bss)
    BLE_EVT_BUFFER                           0x200022cc   Data          72  main.o(.bss)
    .bss                                     0x20002314   Section       32  bsp.o(.bss)
    m_leds_timer_id_data                     0x20002314   Data          32  bsp.o(.bss)
    .bss                                     0x20002334   Section       32  bsp.o(.bss)
    m_alert_timer_id_data                    0x20002334   Data          32  bsp.o(.bss)
    .bss                                     0x20002354   Section       12  bsp.o(.bss)
    m_events_list                            0x20002354   Data          12  bsp.o(.bss)
    .bss                                     0x20002360   Section       32  bsp.o(.bss)
    m_button_timer_id_data                   0x20002360   Data          32  bsp.o(.bss)
    .bss                                     0x20002380   Section      259  ble_advertising.o(.bss)
    m_advdata                                0x20002380   Data          56  ble_advertising.o(.bss)
    m_adv_modes_config                       0x200023b8   Data          36  ble_advertising.o(.bss)
    m_whitelist                              0x200023dc   Data          16  ble_advertising.o(.bss)
    mp_whitelist_addr                        0x200023ec   Data          32  ble_advertising.o(.bss)
    mp_whitelist_irk                         0x2000240c   Data          32  ble_advertising.o(.bss)
    m_manuf_specific_data                    0x2000242c   Data          12  ble_advertising.o(.bss)
    m_manuf_data_array                       0x20002438   Data          31  ble_advertising.o(.bss)
    m_service_data                           0x20002458   Data          12  ble_advertising.o(.bss)
    m_service_data_array                     0x20002464   Data          31  ble_advertising.o(.bss)
    .bss                                     0x20002484   Section       32  ble_conn_params.o(.bss)
    m_conn_params_timer_id_data              0x20002484   Data          32  ble_conn_params.o(.bss)
    .bss                                     0x200024a4   Section       28  ble_conn_params.o(.bss)
    m_conn_params_config                     0x200024a4   Data          28  ble_conn_params.o(.bss)
    .bss                                     0x200024c0   Section      335  device_manager_peripheral.o(.bss)
    m_app_context_table                      0x200024c0   Data          28  device_manager_peripheral.o(.bss)
    m_peer_table                             0x200024dc   Data         196  device_manager_peripheral.o(.bss)
    m_bond_table                             0x200025a0   Data          28  device_manager_peripheral.o(.bss)
    m_gatts_table                            0x200025bc   Data          36  device_manager_peripheral.o(.bss)
    m_connection_table                       0x200025e0   Data          12  device_manager_peripheral.o(.bss)
    m_application_table                      0x200025ec   Data          12  device_manager_peripheral.o(.bss)
    m_local_id_info                          0x200025f8   Data          23  device_manager_peripheral.o(.bss)
    .bss                                     0x20002610   Section       72  nrf_drv_gpiote.o(.bss)
    m_cb                                     0x20002610   Data          72  nrf_drv_gpiote.o(.bss)
    .bss                                     0x20002658   Section       24  nrf_drv_uart.o(.bss)
    m_cb                                     0x20002658   Data          24  nrf_drv_uart.o(.bss)
    .bss                                     0x20002670   Section      228  pstorage.o(.bss)
    m_cmd_queue                              0x20002670   Data         204  pstorage.o(.bss)
    m_app_table                              0x2000273c   Data          24  pstorage.o(.bss)
    .bss                                     0x20002754   Section       24  nrf_drv_twi.o(.bss)
    m_cb                                     0x20002754   Data          24  nrf_drv_twi.o(.bss)
    .bss                                     0x2000276c   Section       32  app_button.o(.bss)
    m_detection_delay_timer_id_data          0x2000276c   Data          32  app_button.o(.bss)
    STACK                                    0x20002790   Section     2048  arm_startup_nrf51.o(STACK)

    Global Symbols

    Symbol Name                              Value     Ov Type        Size  Object(Section)

    BuildAttributes$$THM_ISAv3M$S$PE$A:L22$X:L11$S22$IEEE1$IW$USESV6$~STKCKD$USESV7$~SHL$OSPACE$EBA8$MICROLIB$REQ8$PRES8$EABIv2 0x00000000   Number         0  anon$$obj.o ABSOLUTE
    __ARM_use_no_argv                        0x00000000   Number         0  main.o ABSOLUTE
    __cpp_initialize__aeabi_                  - Undefined Weak Reference
    __cxa_finalize                            - Undefined Weak Reference
    __decompress                              - Undefined Weak Reference
    _clock_init                               - Undefined Weak Reference
    _microlib_exit                            - Undefined Weak Reference
    __Vectors_Size                           0x000000c0   Number         0  arm_startup_nrf51.o ABSOLUTE
    __Vectors                                0x00018000   Data           4  arm_startup_nrf51.o(RESET)
    __Vectors_End                            0x000180c0   Data           0  arm_startup_nrf51.o(RESET)
    __main                                   0x000180c1   Thumb Code     0  entry.o(.ARM.Collect$$$$00000000)
    _main_stk                                0x000180c1   Thumb Code     0  entry2.o(.ARM.Collect$$$$00000001)
    _main_scatterload                        0x000180c5   Thumb Code     0  entry5.o(.ARM.Collect$$$$00000004)
    __main_after_scatterload                 0x000180c9   Thumb Code     0  entry5.o(.ARM.Collect$$$$00000004)
    _main_clock                              0x000180c9   Thumb Code     0  entry7b.o(.ARM.Collect$$$$00000008)
    _main_cpp_init                           0x000180c9   Thumb Code     0  entry8b.o(.ARM.Collect$$$$0000000A)
    _main_init                               0x000180c9   Thumb Code     0  entry9a.o(.ARM.Collect$$$$0000000B)
    __rt_final_cpp                           0x000180d1   Thumb Code     0  entry10a.o(.ARM.Collect$$$$0000000D)
    __rt_final_exit                          0x000180d1   Thumb Code     0  entry11a.o(.ARM.Collect$$$$0000000F)
    __asm___11_app_timer_c_cd27f9c3__nrf_delay_us 0x000180d5   Thumb Code    30  app_timer.o(.emb_text)
    Reset_Handler                            0x000180f5   Thumb Code    26  arm_startup_nrf51.o(.text)
    NMI_Handler                              0x0001810f   Thumb Code     2  arm_startup_nrf51.o(.text)
    HardFault_Handler                        0x00018111   Thumb Code     2  arm_startup_nrf51.o(.text)
    SVC_Handler                              0x00018113   Thumb Code     2  arm_startup_nrf51.o(.text)
    PendSV_Handler                           0x00018115   Thumb Code     2  arm_startup_nrf51.o(.text)
    SysTick_Handler                          0x00018117   Thumb Code     2  arm_startup_nrf51.o(.text)
    ADC_IRQHandler                           0x00018119   Thumb Code     0  arm_startup_nrf51.o(.text)
    CCM_AAR_IRQHandler                       0x00018119   Thumb Code     0  arm_startup_nrf51.o(.text)
    ECB_IRQHandler                           0x00018119   Thumb Code     0  arm_startup_nrf51.o(.text)
    LPCOMP_IRQHandler                        0x00018119   Thumb Code     0  arm_startup_nrf51.o(.text)
    POWER_CLOCK_IRQHandler                   0x00018119   Thumb Code     0  arm_startup_nrf51.o(.text)
    QDEC_IRQHandler                          0x00018119   Thumb Code     0  arm_startup_nrf51.o(.text)
    RADIO_IRQHandler                         0x00018119   Thumb Code     0  arm_startup_nrf51.o(.text)
    RNG_IRQHandler                           0x00018119   Thumb Code     0  arm_startup_nrf51.o(.text)
    RTC0_IRQHandler                          0x00018119   Thumb Code     0  arm_startup_nrf51.o(.text)
    SPI1_TWI1_IRQHandler                     0x00018119   Thumb Code     0  arm_startup_nrf51.o(.text)
    SWI1_IRQHandler                          0x00018119   Thumb Code     0  arm_startup_nrf51.o(.text)
    SWI3_IRQHandler                          0x00018119   Thumb Code     0  arm_startup_nrf51.o(.text)
    SWI4_IRQHandler                          0x00018119   Thumb Code     0  arm_startup_nrf51.o(.text)
    SWI5_IRQHandler                          0x00018119   Thumb Code     0  arm_startup_nrf51.o(.text)
    TEMP_IRQHandler                          0x00018119   Thumb Code     0  arm_startup_nrf51.o(.text)
    TIMER0_IRQHandler                        0x00018119   Thumb Code     0  arm_startup_nrf51.o(.text)
    TIMER1_IRQHandler                        0x00018119   Thumb Code     0  arm_startup_nrf51.o(.text)
    TIMER2_IRQHandler                        0x00018119   Thumb Code     0  arm_startup_nrf51.o(.text)
    WDT_IRQHandler                           0x00018119   Thumb Code     0  arm_startup_nrf51.o(.text)
    __aeabi_uidiv                            0x0001812d   Thumb Code     0  uidiv.o(.text)
    __aeabi_uidivmod                         0x0001812d   Thumb Code    44  uidiv.o(.text)
    __aeabi_idiv                             0x00018159   Thumb Code     0  idiv.o(.text)
    __aeabi_idivmod                          0x00018159   Thumb Code    40  idiv.o(.text)
    __aeabi_memcpy                           0x00018181   Thumb Code    36  memcpya.o(.text)
    __aeabi_memcpy4                          0x00018181   Thumb Code     0  memcpya.o(.text)
    __aeabi_memcpy8                          0x00018181   Thumb Code     0  memcpya.o(.text)
    __aeabi_memset                           0x000181a5   Thumb Code    14  memseta.o(.text)
    __aeabi_memset4                          0x000181a5   Thumb Code     0  memseta.o(.text)
    __aeabi_memset8                          0x000181a5   Thumb Code     0  memseta.o(.text)
    __aeabi_memclr                           0x000181b3   Thumb Code     4  memseta.o(.text)
    __aeabi_memclr4                          0x000181b3   Thumb Code     0  memseta.o(.text)
    __aeabi_memclr8                          0x000181b3   Thumb Code     0  memseta.o(.text)
    _memset$wrapper                          0x000181b7   Thumb Code    18  memseta.o(.text)
    memcmp                                   0x000181c9   Thumb Code    26  memcmp.o(.text)
    __scatterload                            0x000181e5   Thumb Code    28  init.o(.text)
    __scatterload_rt2                        0x000181e5   Thumb Code     0  init.o(.text)
    GPIOTE_IRQHandler                        0x00018209   Thumb Code   234  nrf_drv_gpiote.o(i.GPIOTE_IRQHandler)
    RTC1_IRQHandler                          0x00018355   Thumb Code    28  app_timer.o(i.RTC1_IRQHandler)
    SPI0_TWI0_IRQHandler                     0x00018375   Thumb Code    12  nrf_drv_twi.o(i.SPI0_TWI0_IRQHandler)
    SWI0_IRQHandler                          0x00018385   Thumb Code     8  app_timer.o(i.SWI0_IRQHandler)
    SWI2_IRQHandler                          0x0001838d   Thumb Code    32  softdevice_handler.o(i.SWI2_IRQHandler)
    SystemInit                               0x000183b1   Thumb Code    64  system_nrf51.o(i.SystemInit)
    UART0_IRQHandler                         0x00018405   Thumb Code   244  nrf_drv_uart.o(i.UART0_IRQHandler)
    __ARM_common_switch8                     0x00018509   Thumb Code    26  bsp.o(i.__ARM_common_switch8)
    __scatterload_copy                       0x00018523   Thumb Code    14  handlers.o(i.__scatterload_copy)
    __scatterload_null                       0x00018531   Thumb Code     2  handlers.o(i.__scatterload_null)
    __scatterload_zeroinit                   0x00018533   Thumb Code    14  handlers.o(i.__scatterload_zeroinit)
    adv_data_encode                          0x000185b5   Thumb Code   534  ble_advdata.o(i.adv_data_encode)
    app_button_enable                        0x00018821   Thumb Code    32  app_button.o(i.app_button_enable)
    app_button_init                          0x00018845   Thumb Code   100  app_button.o(i.app_button_init)
    app_error_handler                        0x000188b9   Thumb Code    18  app_error.o(i.app_error_handler)
    app_timer_create                         0x0001892d   Thumb Code    40  app_timer.o(i.app_timer_create)
    app_timer_init                           0x00018959   Thumb Code   126  app_timer.o(i.app_timer_init)
    app_timer_start                          0x000189e9   Thumb Code   114  app_timer.o(i.app_timer_start)
    app_timer_stop                           0x00018a65   Thumb Code    78  app_timer.o(i.app_timer_stop)
    ble_advdata_set                          0x00018ab9   Thumb Code   104  ble_advdata.o(i.ble_advdata_set)
    ble_advertising_init                     0x00018b21   Thumb Code   284  ble_advertising.o(i.ble_advertising_init)
    ble_advertising_on_ble_evt               0x00018c45   Thumb Code   112  ble_advertising.o(i.ble_advertising_on_ble_evt)
    ble_advertising_on_sys_evt               0x00018cb9   Thumb Code    42  ble_advertising.o(i.ble_advertising_on_sys_evt)
    ble_advertising_restart_without_whitelist 0x00018cf9   Thumb Code    56  ble_advertising.o(i.ble_advertising_restart_without_whitelist)
    ble_advertising_start                    0x00018d39   Thumb Code   470  ble_advertising.o(i.ble_advertising_start)
    ble_conn_params_init                     0x00018f19   Thumb Code    68  ble_conn_params.o(i.ble_conn_params_init)
    ble_conn_params_on_ble_evt               0x00018f6d   Thumb Code   132  ble_conn_params.o(i.ble_conn_params_on_ble_evt)
    bond_data_load                           0x00019111   Thumb Code    58  device_manager_peripheral.o(i.bond_data_load)
    bsp_btn_ble_init                         0x00019159   Thumb Code    80  bsp_btn_ble.o(i.bsp_btn_ble_init)
    bsp_btn_ble_on_ble_evt                   0x000191ad   Thumb Code   114  bsp_btn_ble.o(i.bsp_btn_ble_on_ble_evt)
    bsp_btn_ble_sleep_mode_prepare           0x00019225   Thumb Code    20  bsp_btn_ble.o(i.bsp_btn_ble_sleep_mode_prepare)
    bsp_button_is_pressed                    0x000192d9   Thumb Code    34  bsp.o(i.bsp_button_is_pressed)
    bsp_event_handler                        0x00019305   Thumb Code    54  main.o(i.bsp_event_handler)
    bsp_event_to_button_action_assign        0x00019341   Thumb Code    66  bsp.o(i.bsp_event_to_button_action_assign)
    bsp_indication_set                       0x00019389   Thumb Code    22  bsp.o(i.bsp_indication_set)
    bsp_init                                 0x000193a5   Thumb Code   134  bsp.o(i.bsp_init)
    bsp_wakeup_buttons_set                   0x0001963d   Thumb Code    50  bsp.o(i.bsp_wakeup_buttons_set)
    dm_ble_evt_handler                       0x00019dd9   Thumb Code   962  device_manager_peripheral.o(i.dm_ble_evt_handler)
    dm_handle_initialize                     0x0001a1b1   Thumb Code    22  device_manager_peripheral.o(i.dm_handle_initialize)
    dm_init                                  0x0001a1cd   Thumb Code   174  device_manager_peripheral.o(i.dm_init)
    dm_register                              0x0001a41d   Thumb Code   104  device_manager_peripheral.o(i.dm_register)
    intern_softdevice_events_execute         0x0001a7fd   Thumb Code   124  softdevice_handler.o(i.intern_softdevice_events_execute)
    main                                     0x0001ab2d   Thumb Code   326  main.o(i.main)
    nrf_drv_common_irq_enable                0x0001adcd   Thumb Code    78  nrf_drv_common.o(i.nrf_drv_common_irq_enable)
    nrf_drv_gpiote_in_event_enable           0x0001ae2d   Thumb Code   138  nrf_drv_gpiote.o(i.nrf_drv_gpiote_in_event_enable)
    nrf_drv_gpiote_in_init                   0x0001aecd   Thumb Code   146  nrf_drv_gpiote.o(i.nrf_drv_gpiote_in_init)
    nrf_drv_gpiote_in_is_set                 0x0001af71   Thumb Code    16  nrf_drv_gpiote.o(i.nrf_drv_gpiote_in_is_set)
    nrf_drv_gpiote_init                      0x0001af85   Thumb Code    76  nrf_drv_gpiote.o(i.nrf_drv_gpiote_init)
    nrf_drv_gpiote_is_init                   0x0001afd9   Thumb Code    12  nrf_drv_gpiote.o(i.nrf_drv_gpiote_is_init)
    pstorage_access_status_get               0x0001b269   Thumb Code    30  pstorage.o(i.pstorage_access_status_get)
    pstorage_block_identifier_get            0x0001b291   Thumb Code    78  pstorage.o(i.pstorage_block_identifier_get)
    pstorage_clear                           0x0001b2e9   Thumb Code   160  pstorage.o(i.pstorage_clear)
    pstorage_init                            0x0001b3c1   Thumb Code    82  pstorage.o(i.pstorage_init)
    pstorage_load                            0x0001b41d   Thumb Code   162  pstorage.o(i.pstorage_load)
    pstorage_register                        0x0001b4c9   Thumb Code   180  pstorage.o(i.pstorage_register)
    pstorage_store                           0x0001b585   Thumb Code   138  pstorage.o(i.pstorage_store)
    pstorage_sys_event_handler               0x0001b619   Thumb Code    72  pstorage.o(i.pstorage_sys_event_handler)
    pstorage_update                          0x0001b665   Thumb Code   138  pstorage.o(i.pstorage_update)
    softdevice_assertion_handler             0x0001b931   Thumb Code    12  softdevice_handler.o(i.softdevice_assertion_handler)
    softdevice_ble_evt_handler_set           0x0001b93d   Thumb Code    16  softdevice_handler.o(i.softdevice_ble_evt_handler_set)
    softdevice_handler_init                  0x0001b951   Thumb Code    40  softdevice_handler.o(i.softdevice_handler_init)
    softdevice_sys_evt_handler_set           0x0001b981   Thumb Code    16  softdevice_handler.o(i.softdevice_sys_evt_handler_set)
    m_context_init_len                       0x0001c098   Data           4  device_manager_peripheral.o(.constdata)
    m_service_context_store                  0x0001c09c   Data          16  device_manager_peripheral.o(.constdata)
    m_service_context_load                   0x0001c0ac   Data          16  device_manager_peripheral.o(.constdata)
    m_service_context_apply                  0x0001c0bc   Data          16  device_manager_peripheral.o(.constdata)
    Region$$Table$$Base                      0x0001c1b8   Number         0  anon$$obj.o(Region$$Table)
    Region$$Table$$Limit                     0x0001c1d8   Number         0  anon$$obj.o(Region$$Table)
    SystemCoreClock                          0x20002100   Data           4  system_nrf51.o(.data)
    __initial_sp                             0x20002f90   Data           0  arm_startup_nrf51.o(STACK)



==============================================================================

Memory Map of the image

  Image Entry point : 0x000180c1

  Load Region LR_IROM1 (Base: 0x00018000, Size: 0x000042dc, Max: 0x00028000, ABSOLUTE)

    Execution Region ER_IROM1 (Base: 0x00018000, Size: 0x000041d8, Max: 0x00028000, ABSOLUTE)

    Base Addr    Size         Type   Attr      Idx    E Section Name        Object

    0x00018000   0x000000c0   Data   RO         2147    RESET               arm_startup_nrf51.o
    0x000180c0   0x00000000   Code   RO         2189  * .ARM.Collect$$$$00000000  mc_p.l(entry.o)
    0x000180c0   0x00000004   Code   RO         2206    .ARM.Collect$$$$00000001  mc_p.l(entry2.o)
    0x000180c4   0x00000004   Code   RO         2209    .ARM.Collect$$$$00000004  mc_p.l(entry5.o)
    0x000180c8   0x00000000   Code   RO         2211    .ARM.Collect$$$$00000008  mc_p.l(entry7b.o)
    0x000180c8   0x00000000   Code   RO         2213    .ARM.Collect$$$$0000000A  mc_p.l(entry8b.o)
    0x000180c8   0x00000008   Code   RO         2214    .ARM.Collect$$$$0000000B  mc_p.l(entry9a.o)
    0x000180d0   0x00000000   Code   RO         2216    .ARM.Collect$$$$0000000D  mc_p.l(entry10a.o)
    0x000180d0   0x00000000   Code   RO         2218    .ARM.Collect$$$$0000000F  mc_p.l(entry11a.o)
    0x000180d0   0x00000004   Code   RO         2207    .ARM.Collect$$$$00002712  mc_p.l(entry2.o)
    0x000180d4   0x0000001e   Code   RO         1887    .emb_text           app_timer.o
    0x000180f2   0x00000002   PAD
    0x000180f4   0x00000038   Code   RO         2148    .text               arm_startup_nrf51.o
    0x0001812c   0x0000002c   Code   RO         2192    .text               mc_p.l(uidiv.o)
    0x00018158   0x00000028   Code   RO         2194    .text               mc_p.l(idiv.o)
    0x00018180   0x00000024   Code   RO         2196    .text               mc_p.l(memcpya.o)
    0x000181a4   0x00000024   Code   RO         2198    .text               mc_p.l(memseta.o)
    0x000181c8   0x0000001a   Code   RO         2202    .text               mc_p.l(memcmp.o)
    0x000181e2   0x00000002   PAD
    0x000181e4   0x00000024   Code   RO         2220    .text               mc_p.l(init.o)
    0x00018208   0x00000108   Code   RO         1057    i.GPIOTE_IRQHandler  nrf_drv_gpiote.o
    0x00018310   0x00000044   Code   RO         1888    i.NVIC_SetPriority  app_timer.o
    0x00018354   0x00000020   Code   RO         1889    i.RTC1_IRQHandler   app_timer.o
    0x00018374   0x00000010   Code   RO         1639    i.SPI0_TWI0_IRQHandler  nrf_drv_twi.o
    0x00018384   0x00000008   Code   RO         1890    i.SWI0_IRQHandler   app_timer.o
    0x0001838c   0x00000024   Code   RO         2083    i.SWI2_IRQHandler   softdevice_handler.o
    0x000183b0   0x00000054   Code   RO         2155    i.SystemInit        system_nrf51.o
    0x00018404   0x00000104   Code   RO         1247    i.UART0_IRQHandler  nrf_drv_uart.o
    0x00018508   0x0000001a   Code   RO          368    i.__ARM_common_switch8  bsp.o
    0x00018522   0x0000000e   Code   RO         2224    i.__scatterload_copy  mc_p.l(handlers.o)
    0x00018530   0x00000002   Code   RO         2225    i.__scatterload_null  mc_p.l(handlers.o)
    0x00018532   0x0000000e   Code   RO         2226    i.__scatterload_zeroinit  mc_p.l(handlers.o)
    0x00018540   0x00000014   Code   RO         1640    i.ack_error         nrf_drv_twi.o
    0x00018554   0x00000060   Code   RO         1641    i.address_req       nrf_drv_twi.o
    0x000185b4   0x00000216   Code   RO          420    i.adv_data_encode   ble_advdata.o
    0x000187ca   0x0000003c   Code   RO          383    i.advertising_buttons_configure  bsp_btn_ble.o
    0x00018806   0x00000002   PAD
    0x00018808   0x00000018   Code   RO          274    i.alert_timer_handler  bsp.o
    0x00018820   0x00000024   Code   RO         1804    i.app_button_enable  app_button.o
    0x00018844   0x00000074   Code   RO         1805    i.app_button_init   app_button.o
    0x000188b8   0x0000001c   Code   RO         1864    i.app_error_handler  app_error.o
    0x000188d4   0x0000000c   Code   RO          666    i.app_evt_notify    device_manager_peripheral.o
    0x000188e0   0x0000002c   Code   RO         1394    i.app_notify        pstorage.o
    0x0001890c   0x00000020   Code   RO         1395    i.app_notify_error_state_transit  pstorage.o
    0x0001892c   0x0000002c   Code   RO         1893    i.app_timer_create  app_timer.o
    0x00018958   0x00000090   Code   RO         1894    i.app_timer_init    app_timer.o
    0x000189e8   0x0000007c   Code   RO         1895    i.app_timer_start   app_timer.o
    0x00018a64   0x00000054   Code   RO         1896    i.app_timer_stop    app_timer.o
    0x00018ab8   0x00000068   Code   RO          421    i.ble_advdata_set   ble_advdata.o
    0x00018b20   0x00000124   Code   RO          494    i.ble_advertising_init  ble_advertising.o
    0x00018c44   0x00000074   Code   RO          495    i.ble_advertising_on_ble_evt  ble_advertising.o
    0x00018cb8   0x00000030   Code   RO          496    i.ble_advertising_on_sys_evt  ble_advertising.o
    0x00018ce8   0x00000010   Code   RO          498    i.ble_advertising_peer_address_clear  ble_advertising.o
    0x00018cf8   0x00000040   Code   RO          499    i.ble_advertising_restart_without_whitelist  ble_advertising.o
    0x00018d38   0x000001e0   Code   RO          500    i.ble_advertising_start  ble_advertising.o
    0x00018f18   0x00000054   Code   RO          567    i.ble_conn_params_init  ble_conn_params.o
    0x00018f6c   0x00000090   Code   RO          568    i.ble_conn_params_on_ble_evt  ble_conn_params.o
    0x00018ffc   0x0000005e   Code   RO          422    i.ble_device_addr_encode  ble_advdata.o
    0x0001905a   0x00000002   PAD
    0x0001905c   0x0000004c   Code   RO            4    i.ble_evt_dispatch  main.o
    0x000190a8   0x00000068   Code   RO            5    i.ble_stack_init    main.o
    0x00019110   0x00000048   Code   RO          667    i.bond_data_load    device_manager_peripheral.o
    0x00019158   0x00000054   Code   RO          384    i.bsp_btn_ble_init  bsp_btn_ble.o
    0x000191ac   0x00000078   Code   RO          385    i.bsp_btn_ble_on_ble_evt  bsp_btn_ble.o
    0x00019224   0x00000014   Code   RO          386    i.bsp_btn_ble_sleep_mode_prepare  bsp_btn_ble.o
    0x00019238   0x000000a0   Code   RO          275    i.bsp_button_event_handler  bsp.o
    0x000192d8   0x0000002c   Code   RO          276    i.bsp_button_is_pressed  bsp.o
    0x00019304   0x0000003c   Code   RO            6    i.bsp_event_handler  main.o
    0x00019340   0x00000048   Code   RO          280    i.bsp_event_to_button_action_assign  bsp.o
    0x00019388   0x0000001c   Code   RO          281    i.bsp_indication_set  bsp.o
    0x000193a4   0x000000a0   Code   RO          283    i.bsp_init          bsp.o
    0x00019444   0x000001f8   Code   RO          284    i.bsp_led_indication  bsp.o
    0x0001963c   0x0000003c   Code   RO          285    i.bsp_wakeup_buttons_set  bsp.o
    0x00019678   0x0000000c   Code   RO          286    i.button_timer_handler  bsp.o
    0x00019684   0x0000001c   Code   RO         1058    i.channel_free      nrf_drv_gpiote.o
    0x000196a0   0x00000048   Code   RO         1059    i.channel_port_alloc  nrf_drv_gpiote.o
    0x000196e8   0x00000010   Code   RO         1060    i.channel_port_get  nrf_drv_gpiote.o
    0x000196f8   0x00000104   Code   RO         1396    i.clear_operation_execute  pstorage.o
    0x000197fc   0x00000024   Code   RO         1397    i.clear_post_processing_run  pstorage.o
    0x00019820   0x00000038   Code   RO         1398    i.cmd_process       pstorage.o
    0x00019858   0x00000020   Code   RO         1399    i.cmd_queue_element_init  pstorage.o
    0x00019878   0x0000004c   Code   RO         1400    i.cmd_queue_enqueue  pstorage.o
    0x000198c4   0x0000003c   Code   RO         1401    i.command_end_procedure_run  pstorage.o
    0x00019900   0x000000a8   Code   RO         1898    i.compare_reg_update  app_timer.o
    0x000199a8   0x00000088   Code   RO          423    i.conn_int_encode   ble_advdata.o
    0x00019a30   0x0000000c   Code   RO            7    i.conn_params_error_handler  main.o
    0x00019a3c   0x00000068   Code   RO          570    i.conn_params_negotiation  ble_conn_params.o
    0x00019aa4   0x00000030   Code   RO          668    i.connection_instance_find  device_manager_peripheral.o
    0x00019ad4   0x00000024   Code   RO          669    i.connection_instance_init  device_manager_peripheral.o
    0x00019af8   0x00000054   Code   RO         1402    i.data_page_erase_state_run  pstorage.o
    0x00019b4c   0x00000028   Code   RO         1403    i.data_to_swap_write_state_run  pstorage.o
    0x00019b74   0x00000060   Code   RO         1807    i.detection_delay_timeout_handler  app_button.o
    0x00019bd4   0x000000b4   Code   RO          670    i.device_context_store  device_manager_peripheral.o
    0x00019c88   0x00000054   Code   RO          671    i.device_instance_allocate  device_manager_peripheral.o
    0x00019cdc   0x00000048   Code   RO          672    i.device_instance_find  device_manager_peripheral.o
    0x00019d24   0x0000002c   Code   RO          673    i.device_instance_free  device_manager_peripheral.o
    0x00019d50   0x00000012   Code   RO            8    i.device_manager_evt_handler  main.o
    0x00019d62   0x00000002   PAD
    0x00019d64   0x00000074   Code   RO            9    i.device_manager_init  main.o
    0x00019dd8   0x000003d8   Code   RO          678    i.dm_ble_evt_handler  device_manager_peripheral.o
    0x0001a1b0   0x0000001c   Code   RO          684    i.dm_handle_initialize  device_manager_peripheral.o
    0x0001a1cc   0x000000c4   Code   RO          685    i.dm_init           device_manager_peripheral.o
    0x0001a290   0x0000018c   Code   RO          688    i.dm_pstorage_cb_handler  device_manager_peripheral.o
    0x0001a41c   0x00000074   Code   RO          689    i.dm_register       device_manager_peripheral.o
    0x0001a490   0x00000040   Code   RO         1899    i.elapsed_ticks_acquire  app_timer.o
    0x0001a4d0   0x00000020   Code   RO         1404    i.flash_api_err_code_process  pstorage.o
    0x0001a4f0   0x00000080   Code   RO         1405    i.flash_operation_success_run  pstorage.o
    0x0001a570   0x0000000a   Code   RO         1406    i.flash_page_erase  pstorage.o
    0x0001a57a   0x0000000a   Code   RO         1407    i.flash_write       pstorage.o
    0x0001a584   0x00000004   Code   RO          696    i.gattc_context_apply  device_manager_peripheral.o
    0x0001a588   0x00000004   Code   RO          697    i.gattc_context_load  device_manager_peripheral.o
    0x0001a58c   0x00000004   Code   RO          698    i.gattc_context_store  device_manager_peripheral.o
    0x0001a590   0x000000b0   Code   RO          699    i.gatts_context_apply  device_manager_peripheral.o
    0x0001a640   0x00000030   Code   RO          700    i.gatts_context_load  device_manager_peripheral.o
    0x0001a670   0x000000ac   Code   RO          701    i.gatts_context_store  device_manager_peripheral.o
    0x0001a71c   0x00000008   Code   RO          702    i.gattsc_context_apply  device_manager_peripheral.o
    0x0001a724   0x00000008   Code   RO          703    i.gattsc_context_load  device_manager_peripheral.o
    0x0001a72c   0x00000008   Code   RO          704    i.gattsc_context_store  device_manager_peripheral.o
    0x0001a734   0x00000050   Code   RO         1808    i.gpiote_event_handler  app_button.o
    0x0001a784   0x00000078   Code   RO         1408    i.head_restore_state_run  pstorage.o
    0x0001a7fc   0x00000080   Code   RO         2084    i.intern_softdevice_events_execute  softdevice_handler.o
    0x0001a87c   0x0000001c   Code   RO          571    i.is_conn_params_ok  ble_conn_params.o
    0x0001a898   0x00000048   Code   RO         2156    i.is_manual_peripheral_setup_needed  system_nrf51.o
    0x0001a8e0   0x00000044   Code   RO         1409    i.is_page_erase_required  pstorage.o
    0x0001a924   0x0000000c   Code   RO         1410    i.is_word_aligned   pstorage.o
    0x0001a930   0x00000054   Code   RO          424    i.le_role_encode    ble_advdata.o
    0x0001a984   0x00000018   Code   RO          287    i.leds_timer_handler  bsp.o
    0x0001a99c   0x000000bc   Code   RO         1900    i.list_deletions_handler  app_timer.o
    0x0001aa58   0x000000d4   Code   RO         1901    i.list_insertions_handler  app_timer.o
    0x0001ab2c   0x00000174   Code   RO           10    i.main              main.o
    0x0001aca0   0x00000018   Code   RO         1411    i.main_state_err_busy_process  pstorage.o
    0x0001acb8   0x00000068   Code   RO          425    i.manuf_specific_data_encode  ble_advdata.o
    0x0001ad20   0x0000009e   Code   RO          426    i.name_encode       ble_advdata.o
    0x0001adbe   0x00000004   Code   RO          705    i.no_service_context_apply  device_manager_peripheral.o
    0x0001adc2   0x00000004   Code   RO          706    i.no_service_context_load  device_manager_peripheral.o
    0x0001adc6   0x00000004   Code   RO          707    i.no_service_context_store  device_manager_peripheral.o
    0x0001adca   0x00000002   PAD
    0x0001adcc   0x00000060   Code   RO         1034    i.nrf_drv_common_irq_enable  nrf_drv_common.o
    0x0001ae2c   0x000000a0   Code   RO         1063    i.nrf_drv_gpiote_in_event_enable  nrf_drv_gpiote.o
    0x0001aecc   0x000000a4   Code   RO         1064    i.nrf_drv_gpiote_in_init  nrf_drv_gpiote.o
    0x0001af70   0x00000014   Code   RO         1065    i.nrf_drv_gpiote_in_is_set  nrf_drv_gpiote.o
    0x0001af84   0x00000054   Code   RO         1067    i.nrf_drv_gpiote_init  nrf_drv_gpiote.o
    0x0001afd8   0x00000010   Code   RO         1068    i.nrf_drv_gpiote_is_init  nrf_drv_gpiote.o
    0x0001afe8   0x000000e4   Code   RO         1646    i.nrf_drv_twi_int_handler  nrf_drv_twi.o
    0x0001b0cc   0x00000024   Code   RO         1080    i.nrf_gpio_cfg      nrf_drv_gpiote.o
    0x0001b0f0   0x00000020   Code   RO         1082    i.nrf_gpio_cfg_sense_set  nrf_drv_gpiote.o
    0x0001b110   0x00000014   Code   RO         1083    i.nrf_gpiote_event_is_set  nrf_drv_gpiote.o
    0x0001b124   0x0000000a   Code   RO         1651    i.nrf_twi_event_check  nrf_drv_twi.o
    0x0001b12e   0x0000000a   Code   RO         1261    i.nrf_uart_event_check  nrf_drv_uart.o
    0x0001b138   0x00000010   Code   RO         1262    i.nrf_uart_int_enable_check  nrf_drv_uart.o
    0x0001b148   0x00000024   Code   RO           11    i.on_adv_evt        main.o
    0x0001b16c   0x00000024   Code   RO           12    i.on_conn_params_evt  main.o
    0x0001b190   0x00000050   Code   RO         1652    i.on_error          nrf_drv_twi.o
    0x0001b1e0   0x00000016   Code   RO          502    i.peer_address_exists  ble_advertising.o
    0x0001b1f6   0x00000002   PAD
    0x0001b1f8   0x00000040   Code   RO          708    i.peer_instance_init  device_manager_peripheral.o
    0x0001b238   0x00000018   Code   RO         1084    i.pin_in_use_by_port  nrf_drv_gpiote.o
    0x0001b250   0x00000018   Code   RO         1085    i.pin_in_use_by_te  nrf_drv_gpiote.o
    0x0001b268   0x00000028   Code   RO         1412    i.pstorage_access_status_get  pstorage.o
    0x0001b290   0x00000058   Code   RO         1413    i.pstorage_block_identifier_get  pstorage.o
    0x0001b2e8   0x000000a8   Code   RO         1414    i.pstorage_clear    pstorage.o
    0x0001b390   0x00000024   Code   RO         1415    i.pstorage_flash_page_end  pstorage.o
    0x0001b3b4   0x0000000a   Code   RO         1416    i.pstorage_flash_page_size  pstorage.o
    0x0001b3be   0x00000002   PAD
    0x0001b3c0   0x0000005c   Code   RO         1417    i.pstorage_init     pstorage.o
    0x0001b41c   0x000000ac   Code   RO         1418    i.pstorage_load     pstorage.o
    0x0001b4c8   0x000000bc   Code   RO         1419    i.pstorage_register  pstorage.o
    0x0001b584   0x00000094   Code   RO         1420    i.pstorage_store    pstorage.o
    0x0001b618   0x0000004c   Code   RO         1421    i.pstorage_sys_event_handler  pstorage.o
    0x0001b664   0x00000094   Code   RO         1422    i.pstorage_update   pstorage.o
    0x0001b6f8   0x00000044   Code   RO         1902    i.rtc1_stop         app_timer.o
    0x0001b73c   0x00000060   Code   RO         1653    i.rx_address_req    nrf_drv_twi.o
    0x0001b79c   0x0000002c   Code   RO         1263    i.rx_byte           nrf_drv_uart.o
    0x0001b7c8   0x00000034   Code   RO         1654    i.rx_done           nrf_drv_twi.o
    0x0001b7fc   0x00000020   Code   RO         1264    i.rx_done_event     nrf_drv_uart.o
    0x0001b81c   0x00000008   Code   RO         1655    i.rx_prepare        nrf_drv_twi.o
    0x0001b824   0x0000008e   Code   RO          427    i.service_data_encode  ble_advdata.o
    0x0001b8b2   0x00000034   Code   RO           13    i.sleep_mode_enter  main.o
    0x0001b8e6   0x00000002   PAD
    0x0001b8e8   0x00000048   Code   RO         1423    i.sm_state_change   pstorage.o
    0x0001b930   0x0000000c   Code   RO         2085    i.softdevice_assertion_handler  softdevice_handler.o
    0x0001b93c   0x00000014   Code   RO         2086    i.softdevice_ble_evt_handler_set  softdevice_handler.o
    0x0001b950   0x00000030   Code   RO         2087    i.softdevice_handler_init  softdevice_handler.o
    0x0001b980   0x00000014   Code   RO         2090    i.softdevice_sys_evt_handler_set  softdevice_handler.o
    0x0001b994   0x00000064   Code   RO         1424    i.state_data_erase_swap_entry_run  pstorage.o
    0x0001b9f8   0x00000010   Code   RO         1425    i.state_erase_data_page_entry_run  pstorage.o
    0x0001ba08   0x0000004c   Code   RO         1656    i.state_machine     nrf_drv_twi.o
    0x0001ba54   0x00000028   Code   RO         1426    i.state_restore_head_entry_run  pstorage.o
    0x0001ba7c   0x0000004c   Code   RO         1427    i.state_restore_tail_entry_run  pstorage.o
    0x0001bac8   0x00000020   Code   RO         1428    i.state_swap_erase_entry_run  pstorage.o
    0x0001bae8   0x00000030   Code   RO         1429    i.state_write_data_swap_entry_run  pstorage.o
    0x0001bb18   0x00000004   Code   RO          709    i.storage_operation_dummy_handler  device_manager_peripheral.o
    0x0001bb1c   0x0000005c   Code   RO         1430    i.store_cmd_flash_write_execute  pstorage.o
    0x0001bb78   0x0000001c   Code   RO         1431    i.swap_erase_state_run  pstorage.o
    0x0001bb94   0x00000018   Code   RO         1432    i.swap_sub_state_err_busy_process  pstorage.o
    0x0001bbac   0x00000014   Code   RO         1433    i.swap_sub_state_state_change  pstorage.o
    0x0001bbc0   0x00000010   Code   RO           14    i.sys_evt_dispatch  main.o
    0x0001bbd0   0x0000001c   Code   RO         1434    i.tail_restore_state_run  pstorage.o
    0x0001bbec   0x00000084   Code   RO         1903    i.timer_list_handler  app_timer.o
    0x0001bc70   0x00000010   Code   RO         1904    i.timer_list_handler_sched  app_timer.o
    0x0001bc80   0x00000040   Code   RO         1905    i.timer_list_insert  app_timer.o
    0x0001bcc0   0x00000084   Code   RO         1906    i.timer_timeouts_check  app_timer.o
    0x0001bd44   0x0000002c   Code   RO         1266    i.tx_byte           nrf_drv_uart.o
    0x0001bd70   0x00000024   Code   RO         1659    i.tx_done           nrf_drv_twi.o
    0x0001bd94   0x00000020   Code   RO         1267    i.tx_done_event     nrf_drv_uart.o
    0x0001bdb4   0x00000028   Code   RO         1660    i.tx_prepare        nrf_drv_twi.o
    0x0001bddc   0x00000090   Code   RO         1661    i.txrx_shorts_set_task_start  nrf_drv_twi.o
    0x0001be6c   0x0000000a   Code   RO          428    i.uint16_encode     ble_advdata.o
    0x0001be76   0x00000002   PAD
    0x0001be78   0x00000014   Code   RO          710    i.update_status_bit_reset  device_manager_peripheral.o
    0x0001be8c   0x00000064   Code   RO          572    i.update_timeout_handler  ble_conn_params.o
    0x0001bef0   0x00000054   Code   RO         1907    i.user_id_get       app_timer.o
    0x0001bf44   0x00000026   Code   RO         1908    i.user_op_alloc     app_timer.o
    0x0001bf6a   0x00000030   Code   RO          429    i.uuid_list_encode  ble_advdata.o
    0x0001bf9a   0x000000ae   Code   RO          430    i.uuid_list_sized_encode  ble_advdata.o
    0x0001c048   0x00000010   Code   RO          503    i.whitelist_has_entries  ble_advertising.o
    0x0001c058   0x0000003c   Data   RO          292    .constdata          bsp.o
    0x0001c094   0x00000004   Data   RO          575    .constdata          ble_conn_params.o
    0x0001c098   0x00000034   Data   RO          712    .constdata          device_manager_peripheral.o
    0x0001c0cc   0x00000028   Data   RO         1436    .constdata          pstorage.o
    0x0001c0f4   0x00000034   Data   RO         1663    .constdata          nrf_drv_twi.o
    0x0001c128   0x00000010   Data   RO         1664    .constdata          nrf_drv_twi.o
    0x0001c138   0x00000028   Data   RO         1665    .constdata          nrf_drv_twi.o
    0x0001c160   0x00000020   Data   RO         1666    .constdata          nrf_drv_twi.o
    0x0001c180   0x00000018   Data   RO         1667    .constdata          nrf_drv_twi.o
    0x0001c198   0x00000018   Data   RO         1668    .constdata          nrf_drv_twi.o
    0x0001c1b0   0x00000008   Data   RO         1810    .constdata          app_button.o
    0x0001c1b8   0x00000020   Data   RO         2222    Region$$Table       anon$$obj.o


    Execution Region RW_IRAM1 (Base: 0x20002000, Size: 0x00000f90, Max: 0x00006000, ABSOLUTE)

    Base Addr    Size         Type   Attr      Idx    E Section Name        Object

    0x20002000   0x00000008   Data   RW           16    .data               main.o
    0x20002008   0x00000018   Data   RW          293    .data               bsp.o
    0x20002020   0x00000008   Data   RW          387    .data               bsp_btn_ble.o
    0x20002028   0x0000001f   Data   RW          505    .data               ble_advertising.o
    0x20002047   0x00000001   PAD
    0x20002048   0x00000014   Data   RW          576    .data               ble_conn_params.o
    0x2000205c   0x00000018   Data   RW          713    .data               device_manager_peripheral.o
    0x20002074   0x00000024   Data   RW         1437    .data               pstorage.o
    0x20002098   0x00000020   Data   RW         1669    .data               nrf_drv_twi.o
    0x200020b8   0x00000014   Data   RW         1811    .data               app_button.o
    0x200020cc   0x00000020   Data   RW         1909    .data               app_timer.o
    0x200020ec   0x00000014   Data   RW         2091    .data               softdevice_handler.o
    0x20002100   0x00000004   Data   RW         2157    .data               system_nrf51.o
    0x20002104   0x00000210   Zero   RW           15    .bss                main.o
    0x20002314   0x00000020   Zero   RW          288    .bss                bsp.o
    0x20002334   0x00000020   Zero   RW          289    .bss                bsp.o
    0x20002354   0x0000000c   Zero   RW          290    .bss                bsp.o
    0x20002360   0x00000020   Zero   RW          291    .bss                bsp.o
    0x20002380   0x00000103   Zero   RW          504    .bss                ble_advertising.o
    0x20002483   0x00000001   PAD
    0x20002484   0x00000020   Zero   RW          573    .bss                ble_conn_params.o
    0x200024a4   0x0000001c   Zero   RW          574    .bss                ble_conn_params.o
    0x200024c0   0x0000014f   Zero   RW          711    .bss                device_manager_peripheral.o
    0x2000260f   0x00000001   PAD
    0x20002610   0x00000048   Zero   RW         1086    .bss                nrf_drv_gpiote.o
    0x20002658   0x00000018   Zero   RW         1268    .bss                nrf_drv_uart.o
    0x20002670   0x000000e4   Zero   RW         1435    .bss                pstorage.o
    0x20002754   0x00000018   Zero   RW         1662    .bss                nrf_drv_twi.o
    0x2000276c   0x00000020   Zero   RW         1809    .bss                app_button.o
    0x2000278c   0x00000004   PAD
    0x20002790   0x00000800   Zero   RW         2145    STACK               arm_startup_nrf51.o


==============================================================================

Image component sizes


      Code (inc. data)   RO Data    RW Data    ZI Data      Debug   Object Name

       328         34          8         20         32       7806   app_button.o
        28         10          0          0          0       7400   app_error.o
      1700        152          0         32          0      24459   app_timer.o
        56         18        192          0       2048        608   arm_startup_nrf51.o
      1588          6          0          0          0      16916   ble_advdata.o
      1054         40          0         31        259       7205   ble_advertising.o
       460         58          4         20         60      11708   ble_conn_params.o
      1114        118         60         24        108       8337   bsp.o
       284         10          0          8          0       3849   bsp_btn_ble.o
      2800        210         52         24        335      27921   device_manager_peripheral.o
       898         86          0          8        528      91243   main.o
        96         18          0          0          0       7172   nrf_drv_common.o
       960        128          0          0         72      19140   nrf_drv_gpiote.o
       902         80        188         32         24      17269   nrf_drv_twi.o
       438         54          0          0         24      11051   nrf_drv_uart.o
      2866        264         40         36        228      31378   pstorage.o
       264         24          0         20          0       5548   softdevice_handler.o
       156         26          0          4          0       1775   system_nrf51.o

    ----------------------------------------------------------------------
     16010       1336        576        260       3724     300785   Object Totals
         0          0         32          0          0          0   (incl. Generated)
        18          0          0          1          6          0   (incl. Padding)

    ----------------------------------------------------------------------

      Code (inc. data)   RO Data    RW Data    ZI Data      Debug   Library Member Name

         0          0          0          0          0          0   entry.o
         0          0          0          0          0          0   entry10a.o
         0          0          0          0          0          0   entry11a.o
         8          4          0          0          0          0   entry2.o
         4          0          0          0          0          0   entry5.o
         0          0          0          0          0          0   entry7b.o
         0          0          0          0          0          0   entry8b.o
         8          4          0          0          0          0   entry9a.o
        30          0          0          0          0          0   handlers.o
        40          0          0          0          0         72   idiv.o
        36          8          0          0          0         68   init.o
        26          0          0          0          0         72   memcmp.o
        36          0          0          0          0         60   memcpya.o
        36          0          0          0          0        100   memseta.o
        44          0          0          0          0         72   uidiv.o

    ----------------------------------------------------------------------
       270         16          0          0          0        444   Library Totals
         2          0          0          0          0          0   (incl. Padding)

    ----------------------------------------------------------------------

      Code (inc. data)   RO Data    RW Data    ZI Data      Debug   Library Name

       268         16          0          0          0        444   mc_p.l

    ----------------------------------------------------------------------
       270         16          0          0          0        444   Library Totals

    ----------------------------------------------------------------------

==============================================================================


      Code (inc. data)   RO Data    RW Data    ZI Data      Debug   

     16280       1352        576        260       3724     293145   Grand Totals
     16280       1352        576        260       3724     293145   ELF Image Totals
     16280       1352        576        260          0          0   ROM Totals

==============================================================================

    Total RO  Size (Code + RO Data)                16856 (  16.46kB)
    Total RW  Size (RW Data + ZI Data)              3984 (   3.89kB)
    Total ROM Size (Code + RO Data + RW Data)      17116 (  16.71kB)

==============================================================================

